Constitutive Matrix after initialisation.
Constitutive Matrix after func 'SetMatrixWithThrees'.
matrixData[ 0 ][ 0 ] = 3; 	matrixData[ 0 ][ 1 ] = 3; 	matrixData[ 0 ][ 2 ] = 3; 	
matrixData[ 1 ][ 0 ] = 3; 	matrixData[ 1 ][ 1 ] = 3; 	matrixData[ 1 ][ 2 ] = 3; 	
matrixData[ 2 ][ 0 ] = 3; 	matrixData[ 2 ][ 1 ] = 3; 	matrixData[ 2 ][ 2 ] = 3; 	
constitutiveMatrix->isDiagonal = False
strainRate - 
      1           3     
      3           2     
stress - 
     27          27     
     27          27     
Constitutive Matrix after func 'SetMatrixWithViscosity7'.
matrixData[ 0 ][ 0 ] = 14; 	matrixData[ 0 ][ 1 ] = 0; 	matrixData[ 0 ][ 2 ] = 0; 	
matrixData[ 1 ][ 0 ] = 0; 	matrixData[ 1 ][ 1 ] = 14; 	matrixData[ 1 ][ 2 ] = 0; 	
matrixData[ 2 ][ 0 ] = 0; 	matrixData[ 2 ][ 1 ] = 0; 	matrixData[ 2 ][ 2 ] = 7; 	
constitutiveMatrix->isDiagonal = False
Viscosity =    7
strainRate - 
      1           3     
      3           2     
stress - 
     14          42     
     42          28     
stress - 
     14          42     
     42          28     
Constitutive Matrix after func 'SetMatrixWithSecondViscosity2'.
matrixData[ 0 ][ 0 ] = 12.72; 	matrixData[ 0 ][ 1 ] = 1.28; 	matrixData[ 0 ][ 2 ] = -0.96; 	
matrixData[ 1 ][ 0 ] = 1.28; 	matrixData[ 1 ][ 1 ] = 12.72; 	matrixData[ 1 ][ 2 ] = 0.96; 	
matrixData[ 2 ][ 0 ] = -0.96; 	matrixData[ 2 ][ 1 ] = 0.96; 	matrixData[ 2 ][ 2 ] = 6.28; 	
constitutiveMatrix->isDiagonal = False
strainRate - 
      1           3     
      3           2     
stress - 
   9.52       38.64     
  38.64       32.48     
