StGermain Framework revision 4190. Copyright (C) 2003-2005 VPAC.
StGermain Domain Library revision 3. Copyright (C) 2003-2007 VPAC.
StGermain Finite Element Framework revision 962. Copyright (C) 2003-2005 VPAC.
StGermain FEM Discretisation Framework revision 962. Copyright (C) 2003-2005 VPAC.
StGermain SLE Library revision 962. Copyright (C) 2003-2005 VPAC.
StGermain PETSc-LinearAlgebra Interface revision 962. Copyright (C) 2003-2005 VPAC.
StGermain FEM Assembly Library revision 962. Copyright (C) 2003-2005 VPAC.
Watching rank: 0
StGermain XML library Path found.
StgFEM XML library Path found.
