StGermain Framework revision 4190. Copyright (C) 2003-2005 VPAC.
StGermain FEM Discretisation Framework revision 962. Copyright (C) 2003-2005 VPAC.
Watching rank: 0
ElementType_Register (ptr): 0x806b0d8
Stg_Class (ptr): 0x806b0d8
	sizeOfSelf: 120
	_deleteSelf: Yes
	type: ElementType_Register
	_delete (func ptr): 0x40031e71
	_print (func ptr): 0x40031f05
	_copy (func ptr): (nil)
	count: 9
	_size: 16
	_delta: 8
	elementType (ptr): 0x806e9f8
	elementType[0-9]:
elementType[0]: ConstantElementType (ptr): 0x806b5e0
ElementType (ptr): 0x806b5e0
Stg_Class (ptr): 0x806b5e0
	sizeOfSelf: 124
	_deleteSelf: Yes
	type: ConstantElementType
	_delete (func ptr): 0x8048cc0
	_print (func ptr): 0x8048d40
	_copy (func ptr): (nil)
	_build (func ptr): 0x8048d50
	_evaluateShapeFunctionsAt (func ptr): 0x8048c60
	_evaluateShapeFunctionLocalDerivsAt (func ptr): 0x8048e50
	nodeCount: 1
elementType[1]: BilinearElementType (ptr): 0x806bce0
ElementType (ptr): 0x806bce0
Stg_Class (ptr): 0x806bce0
	sizeOfSelf: 176
	_deleteSelf: Yes
	type: BilinearElementType
	_delete (func ptr): 0x4002c461
	_print (func ptr): 0x4002c4a7
	_copy (func ptr): (nil)
	_build (func ptr): 0x4002c661
	_evaluateShapeFunctionsAt (func ptr): 0x4002c666
	_evaluateShapeFunctionLocalDerivsAt (func ptr): 0x4002c701
	nodeCount: 4
self->minElLocalCoord: (-1.00000,-1.00000,)
self->maxElLocalCoord: (1.00000,1.00000,)
self->elLocalLength: (2.00000,2.00000,)
elementType[2]: TrilinearElementType (ptr): 0x806c268
ElementType (ptr): 0x806c268
Stg_Class (ptr): 0x806c268
	sizeOfSelf: 200
	_deleteSelf: Yes
	type: TrilinearElementType
	_delete (func ptr): 0x40042c40
	_print (func ptr): 0x40042c86
	_copy (func ptr): (nil)
	_build (func ptr): 0x40042cec
	_evaluateShapeFunctionsAt (func ptr): 0x40042cf1
	_evaluateShapeFunctionLocalDerivsAt (func ptr): 0x40042e4f
	nodeCount: 8
elementType[3]: ConstantElementType (ptr): 0x806c8c8
ElementType (ptr): 0x806c8c8
Stg_Class (ptr): 0x806c8c8
	sizeOfSelf: 124
	_deleteSelf: Yes
	type: TestElementType0
	_delete (func ptr): 0x8048cc0
	_print (func ptr): 0x8048d40
	_copy (func ptr): (nil)
	_build (func ptr): 0x8048d50
	_evaluateShapeFunctionsAt (func ptr): 0x8048c60
	_evaluateShapeFunctionLocalDerivsAt (func ptr): 0x8048e50
	nodeCount: 1
elementType[4]: ConstantElementType (ptr): 0x806ce50
ElementType (ptr): 0x806ce50
Stg_Class (ptr): 0x806ce50
	sizeOfSelf: 124
	_deleteSelf: Yes
	type: TestElementType1
	_delete (func ptr): 0x8048cc0
	_print (func ptr): 0x8048d40
	_copy (func ptr): (nil)
	_build (func ptr): 0x8048d50
	_evaluateShapeFunctionsAt (func ptr): 0x8048c60
	_evaluateShapeFunctionLocalDerivsAt (func ptr): 0x8048e50
	nodeCount: 1
elementType[5]: ConstantElementType (ptr): 0x806d3d8
ElementType (ptr): 0x806d3d8
Stg_Class (ptr): 0x806d3d8
	sizeOfSelf: 124
	_deleteSelf: Yes
	type: TestElementType2
	_delete (func ptr): 0x8048cc0
	_print (func ptr): 0x8048d40
	_copy (func ptr): (nil)
	_build (func ptr): 0x8048d50
	_evaluateShapeFunctionsAt (func ptr): 0x8048c60
	_evaluateShapeFunctionLocalDerivsAt (func ptr): 0x8048e50
	nodeCount: 1
elementType[6]: ConstantElementType (ptr): 0x806d960
ElementType (ptr): 0x806d960
Stg_Class (ptr): 0x806d960
	sizeOfSelf: 124
	_deleteSelf: Yes
	type: TestElementType3
	_delete (func ptr): 0x8048cc0
	_print (func ptr): 0x8048d40
	_copy (func ptr): (nil)
	_build (func ptr): 0x8048d50
	_evaluateShapeFunctionsAt (func ptr): 0x8048c60
	_evaluateShapeFunctionLocalDerivsAt (func ptr): 0x8048e50
	nodeCount: 1
elementType[7]: ConstantElementType (ptr): 0x806dee8
ElementType (ptr): 0x806dee8
Stg_Class (ptr): 0x806dee8
	sizeOfSelf: 124
	_deleteSelf: Yes
	type: TestElementType4
	_delete (func ptr): 0x8048cc0
	_print (func ptr): 0x8048d40
	_copy (func ptr): (nil)
	_build (func ptr): 0x8048d50
	_evaluateShapeFunctionsAt (func ptr): 0x8048c60
	_evaluateShapeFunctionLocalDerivsAt (func ptr): 0x8048e50
	nodeCount: 1
elementType[8]: ConstantElementType (ptr): 0x806e470
ElementType (ptr): 0x806e470
Stg_Class (ptr): 0x806e470
	sizeOfSelf: 124
	_deleteSelf: Yes
	type: TestElementType5
	_delete (func ptr): 0x8048cc0
	_print (func ptr): 0x8048d40
	_copy (func ptr): (nil)
	_build (func ptr): 0x8048d50
	_evaluateShapeFunctionsAt (func ptr): 0x8048c60
	_evaluateShapeFunctionLocalDerivsAt (func ptr): 0x8048e50
	nodeCount: 1
	]
