Component 0: context
Component 1: camera
Component 2: title
Component 3: axis
Component 4: viewport1
Component 5: viewport2
Component 6: viewport3
Component 7: renderingEngine
Component 8: imageOutput
Component 9: testWindow1
lucWindow: testWindow1, 2 viewports, 1 rows, width x height 800x400
	Viewport viewport1
		DrawingObject title
		DrawingObject axis
	Viewport viewport2
		DrawingObject title
		DrawingObject axis
Component 10: testWindow2
lucWindow: testWindow2, 3 viewports, 2 rows, width x height 600x600
	Viewport viewport1
		DrawingObject title
		DrawingObject axis
	Viewport viewport2
		DrawingObject title
		DrawingObject axis
	Viewport viewport3
		DrawingObject title
		DrawingObject axis
