*******************    Test 13   ************************
Test function TensorArray_CalcInverseWithDeterminant 

2-D
tensorArray - 
      1           2     
      3           4     
Answer calculated within tolerance 1e-14, for solution:
Inverse of tensor:
tensorCompare - 
     -2           1     
    1.5        -0.5     
3-D
tensorArray - 
      1           2           3     
     30          22           4     
      5           7           9     
Answer calculated within tolerance 1e-14, for solution:
Inverse of tensor:
tensorCompare - 
-5.6667        -0.1      1.9333     
 8.3333         0.2     -2.8667     
-3.3333        -0.1      1.2667     
