+++ 1D Tests +++

(3,0,0) in mesh sized 8*0*0 -> index 3
which maps back to (3,0,0)
(0,3,0) in mesh sized 0*8*0 -> index 3
which maps back to (0,3,0)
(0,0,3) in mesh sized 0*0*8 -> index 3
which maps back to (0,0,3)

+++ 2D Tests +++

(3,4,0) in mesh sized 8*8*0 -> index 35
which maps back to (3,4,0)
(3,0,4) in mesh sized 8*0*8 -> index 35
which maps back to (3,0,4)
(0,3,4) in mesh sized 0*8*8 -> index 35
which maps back to (0,3,4)

+++ 3D Tests +++

(0,0,0) in mesh sized 3*4*5 -> index 0
which maps back to (0,0,0)
(1,0,0) in mesh sized 3*4*5 -> index 1
which maps back to (1,0,0)
(2,0,0) in mesh sized 3*4*5 -> index 2
which maps back to (2,0,0)
(0,1,0) in mesh sized 3*4*5 -> index 3
which maps back to (0,1,0)
(1,1,0) in mesh sized 3*4*5 -> index 4
which maps back to (1,1,0)
(2,1,0) in mesh sized 3*4*5 -> index 5
which maps back to (2,1,0)
(0,2,0) in mesh sized 3*4*5 -> index 6
which maps back to (0,2,0)
(1,2,0) in mesh sized 3*4*5 -> index 7
which maps back to (1,2,0)
(2,2,0) in mesh sized 3*4*5 -> index 8
which maps back to (2,2,0)
(0,3,0) in mesh sized 3*4*5 -> index 9
which maps back to (0,3,0)
(1,3,0) in mesh sized 3*4*5 -> index 10
which maps back to (1,3,0)
(2,3,0) in mesh sized 3*4*5 -> index 11
which maps back to (2,3,0)
(0,0,1) in mesh sized 3*4*5 -> index 12
which maps back to (0,0,1)
(1,0,1) in mesh sized 3*4*5 -> index 13
which maps back to (1,0,1)
(2,0,1) in mesh sized 3*4*5 -> index 14
which maps back to (2,0,1)
(0,1,1) in mesh sized 3*4*5 -> index 15
which maps back to (0,1,1)
(1,1,1) in mesh sized 3*4*5 -> index 16
which maps back to (1,1,1)
(2,1,1) in mesh sized 3*4*5 -> index 17
which maps back to (2,1,1)
(0,2,1) in mesh sized 3*4*5 -> index 18
which maps back to (0,2,1)
(1,2,1) in mesh sized 3*4*5 -> index 19
which maps back to (1,2,1)
(2,2,1) in mesh sized 3*4*5 -> index 20
which maps back to (2,2,1)
(0,3,1) in mesh sized 3*4*5 -> index 21
which maps back to (0,3,1)
(1,3,1) in mesh sized 3*4*5 -> index 22
which maps back to (1,3,1)
(2,3,1) in mesh sized 3*4*5 -> index 23
which maps back to (2,3,1)
(0,0,2) in mesh sized 3*4*5 -> index 24
which maps back to (0,0,2)
(1,0,2) in mesh sized 3*4*5 -> index 25
which maps back to (1,0,2)
(2,0,2) in mesh sized 3*4*5 -> index 26
which maps back to (2,0,2)
(0,1,2) in mesh sized 3*4*5 -> index 27
which maps back to (0,1,2)
(1,1,2) in mesh sized 3*4*5 -> index 28
which maps back to (1,1,2)
(2,1,2) in mesh sized 3*4*5 -> index 29
which maps back to (2,1,2)
(0,2,2) in mesh sized 3*4*5 -> index 30
which maps back to (0,2,2)
(1,2,2) in mesh sized 3*4*5 -> index 31
which maps back to (1,2,2)
(2,2,2) in mesh sized 3*4*5 -> index 32
which maps back to (2,2,2)
(0,3,2) in mesh sized 3*4*5 -> index 33
which maps back to (0,3,2)
(1,3,2) in mesh sized 3*4*5 -> index 34
which maps back to (1,3,2)
(2,3,2) in mesh sized 3*4*5 -> index 35
which maps back to (2,3,2)
(0,0,3) in mesh sized 3*4*5 -> index 36
which maps back to (0,0,3)
(1,0,3) in mesh sized 3*4*5 -> index 37
which maps back to (1,0,3)
(2,0,3) in mesh sized 3*4*5 -> index 38
which maps back to (2,0,3)
(0,1,3) in mesh sized 3*4*5 -> index 39
which maps back to (0,1,3)
(1,1,3) in mesh sized 3*4*5 -> index 40
which maps back to (1,1,3)
(2,1,3) in mesh sized 3*4*5 -> index 41
which maps back to (2,1,3)
(0,2,3) in mesh sized 3*4*5 -> index 42
which maps back to (0,2,3)
(1,2,3) in mesh sized 3*4*5 -> index 43
which maps back to (1,2,3)
(2,2,3) in mesh sized 3*4*5 -> index 44
which maps back to (2,2,3)
(0,3,3) in mesh sized 3*4*5 -> index 45
which maps back to (0,3,3)
(1,3,3) in mesh sized 3*4*5 -> index 46
which maps back to (1,3,3)
(2,3,3) in mesh sized 3*4*5 -> index 47
which maps back to (2,3,3)
(0,0,4) in mesh sized 3*4*5 -> index 48
which maps back to (0,0,4)
(1,0,4) in mesh sized 3*4*5 -> index 49
which maps back to (1,0,4)
(2,0,4) in mesh sized 3*4*5 -> index 50
which maps back to (2,0,4)
(0,1,4) in mesh sized 3*4*5 -> index 51
which maps back to (0,1,4)
(1,1,4) in mesh sized 3*4*5 -> index 52
which maps back to (1,1,4)
(2,1,4) in mesh sized 3*4*5 -> index 53
which maps back to (2,1,4)
(0,2,4) in mesh sized 3*4*5 -> index 54
which maps back to (0,2,4)
(1,2,4) in mesh sized 3*4*5 -> index 55
which maps back to (1,2,4)
(2,2,4) in mesh sized 3*4*5 -> index 56
which maps back to (2,2,4)
(0,3,4) in mesh sized 3*4*5 -> index 57
which maps back to (0,3,4)
(1,3,4) in mesh sized 3*4*5 -> index 58
which maps back to (1,3,4)
(2,3,4) in mesh sized 3*4*5 -> index 59
which maps back to (2,3,4)
