*******************    Test 3   ************************
Test function TensorArray_Transpose 

2-D
tensorArray - 
    0.7           1     
      2           3     
tensorResult - 
    0.7           2     
      1           3     
3-D
tensorArray - 
    0.5          10          20     
     30          40          50     
     60          70          80     
tensorResult - 
    0.5          30          60     
     10          40          70     
     20          50          80     
