*******************    Test 11   ************************
Test function TensorArray_MultiplyByRightVector 

Solutions tested against: http://www.uni-bonn.de/~manfear/matrixcalc.php2-D
tensorArray - 
      1           2     
      3           4     
vector - {5.000000, 6.000000}
vectorResult - {17.000000, 39.000000}
3-D
tensorArray - 
      1           2           3     
      4           5           6     
      7           8           9     
vector - {10.000000, 11.000000, 12.000000}
vectorResult - {68.000000, 167.000000, 266.000000}
