Edge: 0, points: { 0, 1 }, faces: { 0, 100 }
Edge: 1, points: { 1, 2 }, faces: { 0, 1 }
Edge: 2, points: { 2, 0 }, faces: { 0, 100 }
Edge: 3, points: { 1, 3 }, faces: { 1, 100 }
Edge: 4, points: { 3, 2 }, faces: { 1, 2 }
Edge: 5, points: { 3, 4 }, faces: { 2, 3 }
Edge: 6, points: { 4, 2 }, faces: { 2, 100 }
Edge: 7, points: { 3, 5 }, faces: { 3, 100 }
Edge: 8, points: { 5, 4 }, faces: { 3, 4 }
Edge: 9, points: { 5, 6 }, faces: { 4, 5 }
Edge: 10, points: { 6, 4 }, faces: { 4, 100 }
Edge: 11, points: { 5, 7 }, faces: { 5, 100 }
Edge: 12, points: { 7, 6 }, faces: { 5, 6 }
Edge: 13, points: { 7, 8 }, faces: { 6, 7 }
Edge: 14, points: { 8, 6 }, faces: { 6, 100 }
Edge: 15, points: { 7, 9 }, faces: { 7, 100 }
Edge: 16, points: { 9, 8 }, faces: { 7, 8 }
Edge: 17, points: { 9, 10 }, faces: { 8, 9 }
Edge: 18, points: { 10, 8 }, faces: { 8, 100 }
Edge: 19, points: { 9, 11 }, faces: { 9, 100 }
Edge: 20, points: { 11, 10 }, faces: { 9, 10 }
Edge: 21, points: { 11, 12 }, faces: { 10, 11 }
Edge: 22, points: { 12, 10 }, faces: { 10, 100 }
Edge: 23, points: { 11, 13 }, faces: { 11, 100 }
Edge: 24, points: { 13, 12 }, faces: { 11, 12 }
Edge: 25, points: { 13, 14 }, faces: { 12, 13 }
Edge: 26, points: { 14, 12 }, faces: { 12, 100 }
Edge: 27, points: { 13, 15 }, faces: { 13, 100 }
Edge: 28, points: { 15, 14 }, faces: { 13, 14 }
Edge: 29, points: { 15, 16 }, faces: { 14, 15 }
Edge: 30, points: { 16, 14 }, faces: { 14, 100 }
Edge: 31, points: { 15, 17 }, faces: { 15, 100 }
Edge: 32, points: { 17, 16 }, faces: { 15, 16 }
Edge: 33, points: { 17, 18 }, faces: { 16, 17 }
Edge: 34, points: { 18, 16 }, faces: { 16, 100 }
Edge: 35, points: { 17, 19 }, faces: { 17, 100 }
Edge: 36, points: { 19, 18 }, faces: { 17, 18 }
Edge: 37, points: { 19, 20 }, faces: { 18, 19 }
Edge: 38, points: { 20, 18 }, faces: { 18, 100 }
Edge: 39, points: { 19, 21 }, faces: { 19, 100 }
Edge: 40, points: { 21, 20 }, faces: { 19, 20 }
Edge: 41, points: { 21, 22 }, faces: { 20, 21 }
Edge: 42, points: { 22, 20 }, faces: { 20, 100 }
Edge: 43, points: { 21, 23 }, faces: { 21, 100 }
Edge: 44, points: { 23, 22 }, faces: { 21, 22 }
Edge: 45, points: { 23, 24 }, faces: { 22, 23 }
Edge: 46, points: { 24, 22 }, faces: { 22, 100 }
Edge: 47, points: { 23, 25 }, faces: { 23, 100 }
Edge: 48, points: { 25, 24 }, faces: { 23, 24 }
Edge: 49, points: { 25, 26 }, faces: { 24, 25 }
Edge: 50, points: { 26, 24 }, faces: { 24, 100 }
Edge: 51, points: { 25, 27 }, faces: { 25, 100 }
Edge: 52, points: { 27, 26 }, faces: { 25, 26 }
Edge: 53, points: { 27, 28 }, faces: { 26, 27 }
Edge: 54, points: { 28, 26 }, faces: { 26, 100 }
Edge: 55, points: { 27, 29 }, faces: { 27, 100 }
Edge: 56, points: { 29, 28 }, faces: { 27, 28 }
Edge: 57, points: { 29, 30 }, faces: { 28, 29 }
Edge: 58, points: { 30, 28 }, faces: { 28, 100 }
Edge: 59, points: { 29, 31 }, faces: { 29, 100 }
Edge: 60, points: { 31, 30 }, faces: { 29, 30 }
Edge: 61, points: { 31, 32 }, faces: { 30, 31 }
Edge: 62, points: { 32, 30 }, faces: { 30, 100 }
Edge: 63, points: { 31, 33 }, faces: { 31, 100 }
Edge: 64, points: { 33, 32 }, faces: { 31, 32 }
Edge: 65, points: { 33, 34 }, faces: { 32, 33 }
Edge: 66, points: { 34, 32 }, faces: { 32, 100 }
Edge: 67, points: { 33, 35 }, faces: { 33, 100 }
Edge: 68, points: { 35, 34 }, faces: { 33, 34 }
Edge: 69, points: { 35, 36 }, faces: { 34, 35 }
Edge: 70, points: { 36, 34 }, faces: { 34, 100 }
Edge: 71, points: { 35, 37 }, faces: { 35, 100 }
Edge: 72, points: { 37, 36 }, faces: { 35, 36 }
Edge: 73, points: { 37, 38 }, faces: { 36, 37 }
Edge: 74, points: { 38, 36 }, faces: { 36, 100 }
Edge: 75, points: { 37, 39 }, faces: { 37, 100 }
Edge: 76, points: { 39, 38 }, faces: { 37, 38 }
Edge: 77, points: { 39, 40 }, faces: { 38, 39 }
Edge: 78, points: { 40, 38 }, faces: { 38, 100 }
Edge: 79, points: { 39, 41 }, faces: { 39, 100 }
Edge: 80, points: { 41, 40 }, faces: { 39, 40 }
Edge: 81, points: { 41, 42 }, faces: { 40, 41 }
Edge: 82, points: { 42, 40 }, faces: { 40, 100 }
Edge: 83, points: { 41, 43 }, faces: { 41, 100 }
Edge: 84, points: { 43, 42 }, faces: { 41, 42 }
Edge: 85, points: { 43, 44 }, faces: { 42, 43 }
Edge: 86, points: { 44, 42 }, faces: { 42, 100 }
Edge: 87, points: { 43, 45 }, faces: { 43, 100 }
Edge: 88, points: { 45, 44 }, faces: { 43, 44 }
Edge: 89, points: { 45, 46 }, faces: { 44, 45 }
Edge: 90, points: { 46, 44 }, faces: { 44, 100 }
Edge: 91, points: { 45, 47 }, faces: { 45, 100 }
Edge: 92, points: { 47, 46 }, faces: { 45, 46 }
Edge: 93, points: { 47, 48 }, faces: { 46, 47 }
Edge: 94, points: { 48, 46 }, faces: { 46, 100 }
Edge: 95, points: { 47, 49 }, faces: { 47, 100 }
Edge: 96, points: { 49, 48 }, faces: { 47, 48 }
Edge: 97, points: { 49, 50 }, faces: { 48, 49 }
Edge: 98, points: { 50, 48 }, faces: { 48, 100 }
Edge: 99, points: { 49, 51 }, faces: { 49, 100 }
Edge: 100, points: { 51, 50 }, faces: { 49, 50 }
Edge: 101, points: { 51, 52 }, faces: { 50, 51 }
Edge: 102, points: { 52, 50 }, faces: { 50, 100 }
Edge: 103, points: { 51, 53 }, faces: { 51, 100 }
Edge: 104, points: { 53, 52 }, faces: { 51, 52 }
Edge: 105, points: { 53, 54 }, faces: { 52, 53 }
Edge: 106, points: { 54, 52 }, faces: { 52, 100 }
Edge: 107, points: { 53, 55 }, faces: { 53, 100 }
Edge: 108, points: { 55, 54 }, faces: { 53, 54 }
Edge: 109, points: { 55, 56 }, faces: { 54, 55 }
Edge: 110, points: { 56, 54 }, faces: { 54, 100 }
Edge: 111, points: { 55, 57 }, faces: { 55, 100 }
Edge: 112, points: { 57, 56 }, faces: { 55, 56 }
Edge: 113, points: { 57, 58 }, faces: { 56, 57 }
Edge: 114, points: { 58, 56 }, faces: { 56, 100 }
Edge: 115, points: { 57, 59 }, faces: { 57, 100 }
Edge: 116, points: { 59, 58 }, faces: { 57, 58 }
Edge: 117, points: { 59, 60 }, faces: { 58, 59 }
Edge: 118, points: { 60, 58 }, faces: { 58, 100 }
Edge: 119, points: { 59, 61 }, faces: { 59, 100 }
Edge: 120, points: { 61, 60 }, faces: { 59, 60 }
Edge: 121, points: { 61, 62 }, faces: { 60, 61 }
Edge: 122, points: { 62, 60 }, faces: { 60, 100 }
Edge: 123, points: { 61, 63 }, faces: { 61, 100 }
Edge: 124, points: { 63, 62 }, faces: { 61, 62 }
Edge: 125, points: { 63, 64 }, faces: { 62, 63 }
Edge: 126, points: { 64, 62 }, faces: { 62, 100 }
Edge: 127, points: { 63, 65 }, faces: { 63, 100 }
Edge: 128, points: { 65, 64 }, faces: { 63, 64 }
Edge: 129, points: { 65, 66 }, faces: { 64, 65 }
Edge: 130, points: { 66, 64 }, faces: { 64, 100 }
Edge: 131, points: { 65, 67 }, faces: { 65, 100 }
Edge: 132, points: { 67, 66 }, faces: { 65, 66 }
Edge: 133, points: { 67, 68 }, faces: { 66, 67 }
Edge: 134, points: { 68, 66 }, faces: { 66, 100 }
Edge: 135, points: { 67, 69 }, faces: { 67, 100 }
Edge: 136, points: { 69, 68 }, faces: { 67, 68 }
Edge: 137, points: { 69, 70 }, faces: { 68, 69 }
Edge: 138, points: { 70, 68 }, faces: { 68, 100 }
Edge: 139, points: { 69, 71 }, faces: { 69, 100 }
Edge: 140, points: { 71, 70 }, faces: { 69, 70 }
Edge: 141, points: { 71, 72 }, faces: { 70, 71 }
Edge: 142, points: { 72, 70 }, faces: { 70, 100 }
Edge: 143, points: { 71, 73 }, faces: { 71, 100 }
Edge: 144, points: { 73, 72 }, faces: { 71, 72 }
Edge: 145, points: { 73, 74 }, faces: { 72, 73 }
Edge: 146, points: { 74, 72 }, faces: { 72, 100 }
Edge: 147, points: { 73, 75 }, faces: { 73, 100 }
Edge: 148, points: { 75, 74 }, faces: { 73, 74 }
Edge: 149, points: { 75, 76 }, faces: { 74, 75 }
Edge: 150, points: { 76, 74 }, faces: { 74, 100 }
Edge: 151, points: { 75, 77 }, faces: { 75, 100 }
Edge: 152, points: { 77, 76 }, faces: { 75, 76 }
Edge: 153, points: { 77, 78 }, faces: { 76, 77 }
Edge: 154, points: { 78, 76 }, faces: { 76, 100 }
Edge: 155, points: { 77, 79 }, faces: { 77, 100 }
Edge: 156, points: { 79, 78 }, faces: { 77, 78 }
Edge: 157, points: { 79, 80 }, faces: { 78, 79 }
Edge: 158, points: { 80, 78 }, faces: { 78, 100 }
Edge: 159, points: { 79, 81 }, faces: { 79, 100 }
Edge: 160, points: { 81, 80 }, faces: { 79, 80 }
Edge: 161, points: { 81, 82 }, faces: { 80, 81 }
Edge: 162, points: { 82, 80 }, faces: { 80, 100 }
Edge: 163, points: { 81, 83 }, faces: { 81, 100 }
Edge: 164, points: { 83, 82 }, faces: { 81, 82 }
Edge: 165, points: { 83, 84 }, faces: { 82, 83 }
Edge: 166, points: { 84, 82 }, faces: { 82, 100 }
Edge: 167, points: { 83, 85 }, faces: { 83, 100 }
Edge: 168, points: { 85, 84 }, faces: { 83, 84 }
Edge: 169, points: { 85, 86 }, faces: { 84, 85 }
Edge: 170, points: { 86, 84 }, faces: { 84, 100 }
Edge: 171, points: { 85, 87 }, faces: { 85, 100 }
Edge: 172, points: { 87, 86 }, faces: { 85, 86 }
Edge: 173, points: { 87, 88 }, faces: { 86, 87 }
Edge: 174, points: { 88, 86 }, faces: { 86, 100 }
Edge: 175, points: { 87, 89 }, faces: { 87, 100 }
Edge: 176, points: { 89, 88 }, faces: { 87, 88 }
Edge: 177, points: { 89, 90 }, faces: { 88, 89 }
Edge: 178, points: { 90, 88 }, faces: { 88, 100 }
Edge: 179, points: { 89, 91 }, faces: { 89, 100 }
Edge: 180, points: { 91, 90 }, faces: { 89, 90 }
Edge: 181, points: { 91, 92 }, faces: { 90, 91 }
Edge: 182, points: { 92, 90 }, faces: { 90, 100 }
Edge: 183, points: { 91, 93 }, faces: { 91, 100 }
Edge: 184, points: { 93, 92 }, faces: { 91, 92 }
Edge: 185, points: { 93, 94 }, faces: { 92, 93 }
Edge: 186, points: { 94, 92 }, faces: { 92, 100 }
Edge: 187, points: { 93, 95 }, faces: { 93, 100 }
Edge: 188, points: { 95, 94 }, faces: { 93, 94 }
Edge: 189, points: { 95, 96 }, faces: { 94, 95 }
Edge: 190, points: { 96, 94 }, faces: { 94, 100 }
Edge: 191, points: { 95, 97 }, faces: { 95, 100 }
Edge: 192, points: { 97, 96 }, faces: { 95, 96 }
Edge: 193, points: { 97, 98 }, faces: { 96, 97 }
Edge: 194, points: { 98, 96 }, faces: { 96, 100 }
Edge: 195, points: { 97, 99 }, faces: { 97, 100 }
Edge: 196, points: { 99, 98 }, faces: { 97, 98 }
Edge: 197, points: { 99, 100 }, faces: { 98, 99 }
Edge: 198, points: { 100, 98 }, faces: { 98, 100 }
Edge: 199, points: { 99, 101 }, faces: { 99, 100 }
Edge: 200, points: { 101, 100 }, faces: { 99, 100 }
