****************************
Check Magnitude Function
dim = 0 magnitude = 0.000
dim = 0 magnitude = 0.000
dim = 1 magnitude = 7.400
dim = 1 magnitude = 4.000
dim = 2 magnitude = 7.666
dim = 2 magnitude = 4.614
dim = 3 magnitude = 9.152
dim = 3 magnitude = 7.411
dim = 4 magnitude = 9.207
dim = 4 magnitude = 9.536
dim = 5 magnitude = 9.683
dim = 5 magnitude = 15.327
dim = 6 magnitude = 43.102
dim = 6 magnitude = 39289.003
