*******************    Test 20   ************************
Test function NonSquareMatrix_MatrixVectorMultiplication 

Tested against solutions at http://www.uni-bonn.de/~manfear/solve_lineq.php

nonSquareMatrixAT - 
      0	      4	      8	
      1	      5	      9	
      2	      6	     10	
      3	      7	     11	
vector - {1.000000, 2.000000, 3.000000}
SolutionVector within tolerance 1e-05 of solution:
solutionVectorCompare - {32.000000, 38.000000, 44.000000, 50.000000}
