*************************************
Test function EigenvectorList_Sort
 3-D
Unsorted eigenvectorList
eigenvectorList[0].eigenvalue = 4
eigenvectorList[1].eigenvalue = -1
eigenvectorList[2].eigenvalue = 1
eigenvectorList[0].vector = { 0.577, 0.577, 0.577 }
eigenvectorList[1].vector = { -0.707, 0, 0.707 }
eigenvectorList[2].vector = { 0.408, -0.816, 0.408 }
Sorted eigenvectorList
eigenvectorList[0].eigenvalue = -1
eigenvectorList[1].eigenvalue = 1
eigenvectorList[2].eigenvalue = 4
eigenvectorList[0].vector = { -0.707, 0, 0.707 }
eigenvectorList[1].vector = { 0.408, -0.816, 0.408 }
eigenvectorList[2].vector = { 0.577, 0.577, 0.577 }
2-D
Unsorted eigenvectorList
eigenvectorList[0].eigenvalue = 6
eigenvectorList[1].eigenvalue = 4
eigenvectorList[0].vector = { 0.707, 0.707 }
eigenvectorList[1].vector = { 0.707, -0.707 }
Sorted eigenvectorList
eigenvectorList[0].eigenvalue = 4
eigenvectorList[1].eigenvalue = 6
eigenvectorList[0].vector = { 0.707, -0.707 }
eigenvectorList[1].vector = { 0.707, 0.707 }
