Printing coords of all local particles, cell-by-cell:
	Local Cell   0:
	Local Cell   1:
	Local Cell   2:
	Local Cell   3:
	Local Cell   4:
	Local Cell   5:
	Local Cell   6:
	Local Cell   7:
		part. InCell   0 (local index      0): (    0.5,     0.5,     0.5)
		part. InCell   1 (local index      1): (0.49976, 0.50269, 0.49487)
		part. InCell   2 (local index      3): (0.52942, 0.49963, 0.48059)
		part. InCell   3 (local index      4): (0.50827, 0.48257, 0.46768)
		part. InCell   4 (local index      7): (0.47269, 0.49191, 0.48593)
		part. InCell   5 (local index      8): (0.46072, 0.52487, 0.49155)
	Local Cell   8:
	Local Cell   9:
	Local Cell  10:
	Local Cell  11:
	Local Cell  12:
	Local Cell  13:
	Local Cell  14:
	Local Cell  15:
	Local Cell  16:
	Local Cell  17:
	Local Cell  18:
	Local Cell  19:
	Local Cell  20:
	Local Cell  21:
	Local Cell  22:
		part. InCell   0 (local index      2): (0.47058, 0.49744, 0.52234)
		part. InCell   1 (local index      5): (0.49191, 0.48135, 0.53531)
		part. InCell   2 (local index      6): (0.53909, 0.52707, 0.51328)
		part. InCell   3 (local index      9): (0.52713, 0.48972, 0.51108)
	Local Cell  23:
	Local Cell  24:
	Local Cell  25:
	Local Cell  26:
	Local Cell  27:
	Local Cell  28:
	Local Cell  29:
