Running with no timestep braking, using  dt that increases 50% each step:
Run until simulation has stepped forward 10 timeSteps
TimeStep = 0, Start time = 0, prev timeStep dt = 0
TimeStep = 1, Start time = 1, prev timeStep dt = 1
TimeStep = 2, Start time = 2.5, prev timeStep dt = 1.5
TimeStep = 3, Start time = 4.75, prev timeStep dt = 2.25
TimeStep = 4, Start time = 8.125, prev timeStep dt = 3.375
TimeStep = 5, Start time = 13.1875, prev timeStep dt = 5.0625
TimeStep = 6, Start time = 20.7812, prev timeStep dt = 7.59375
TimeStep = 7, Start time = 32.1719, prev timeStep dt = 11.3906
TimeStep = 8, Start time = 49.2578, prev timeStep dt = 17.0859
TimeStep = 9, Start time = 74.8867, prev timeStep dt = 25.6289
TimeStep = 10, Start time = 113.33, prev timeStep dt = 38.4434

Turning on timestep braking, at default level, running again:
Run until simulation has stepped forward 10 timeSteps
TimeStep = 0, Start time = 0, prev timeStep dt = 0
TimeStep = 1, Start time = 1, prev timeStep dt = 1
In FiniteElementContext_CalcNewDt(): dt calculated was 1.5 (time), but prev timestep's dt
was 1 (time) and max allowed increase percentage is 10.00
, thus limiting current
dt to 1.1 (time).
TimeStep = 2, Start time = 2.1, prev timeStep dt = 1.1
In FiniteElementContext_CalcNewDt(): dt calculated was 1.65 (time), but prev timestep's dt
was 1.1 (time) and max allowed increase percentage is 10.00
, thus limiting current
dt to 1.21 (time).
TimeStep = 3, Start time = 3.31, prev timeStep dt = 1.21
In FiniteElementContext_CalcNewDt(): dt calculated was 1.815 (time), but prev timestep's dt
was 1.21 (time) and max allowed increase percentage is 10.00
, thus limiting current
dt to 1.331 (time).
TimeStep = 4, Start time = 4.641, prev timeStep dt = 1.331
In FiniteElementContext_CalcNewDt(): dt calculated was 1.9965 (time), but prev timestep's dt
was 1.331 (time) and max allowed increase percentage is 10.00
, thus limiting current
dt to 1.4641 (time).
TimeStep = 5, Start time = 6.1051, prev timeStep dt = 1.4641
In FiniteElementContext_CalcNewDt(): dt calculated was 2.19615 (time), but prev timestep's dt
was 1.4641 (time) and max allowed increase percentage is 10.00
, thus limiting current
dt to 1.61051 (time).
TimeStep = 6, Start time = 7.71561, prev timeStep dt = 1.61051
In FiniteElementContext_CalcNewDt(): dt calculated was 2.41577 (time), but prev timestep's dt
was 1.61051 (time) and max allowed increase percentage is 10.00
, thus limiting current
dt to 1.77156 (time).
TimeStep = 7, Start time = 9.48717, prev timeStep dt = 1.77156
In FiniteElementContext_CalcNewDt(): dt calculated was 2.65734 (time), but prev timestep's dt
was 1.77156 (time) and max allowed increase percentage is 10.00
, thus limiting current
dt to 1.94872 (time).
TimeStep = 8, Start time = 11.4359, prev timeStep dt = 1.94872
In FiniteElementContext_CalcNewDt(): dt calculated was 2.92308 (time), but prev timestep's dt
was 1.94872 (time) and max allowed increase percentage is 10.00
, thus limiting current
dt to 2.14359 (time).
TimeStep = 9, Start time = 13.5795, prev timeStep dt = 2.14359
In FiniteElementContext_CalcNewDt(): dt calculated was 3.21538 (time), but prev timestep's dt
was 2.14359 (time) and max allowed increase percentage is 10.00
, thus limiting current
dt to 2.35795 (time).
TimeStep = 10, Start time = 15.9374, prev timeStep dt = 2.35795
In FiniteElementContext_CalcNewDt(): dt calculated was 3.53692 (time), but prev timestep's dt
was 2.35795 (time) and max allowed increase percentage is 10.00
, thus limiting current
dt to 2.59374 (time).

Turning on timestep braking, at 80% level, running again - expect same as original:
Run until simulation has stepped forward 10 timeSteps
TimeStep = 0, Start time = 0, prev timeStep dt = 0
TimeStep = 1, Start time = 1, prev timeStep dt = 1
TimeStep = 2, Start time = 2.5, prev timeStep dt = 1.5
TimeStep = 3, Start time = 4.75, prev timeStep dt = 2.25
TimeStep = 4, Start time = 8.125, prev timeStep dt = 3.375
TimeStep = 5, Start time = 13.1875, prev timeStep dt = 5.0625
TimeStep = 6, Start time = 20.7812, prev timeStep dt = 7.59375
TimeStep = 7, Start time = 32.1719, prev timeStep dt = 11.3906
TimeStep = 8, Start time = 49.2578, prev timeStep dt = 17.0859
TimeStep = 9, Start time = 74.8867, prev timeStep dt = 25.6289
TimeStep = 10, Start time = 113.33, prev timeStep dt = 38.4434
