StGermain Framework revision 4232. Copyright (C) 2003-2005 VPAC.
StGermain Domain Library revision 38. Copyright (C) 2003-2007 VPAC.
StGermain Finite Element Framework revision 1042. Copyright (C) 2003-2005 VPAC.
StGermain FEM Discretisation Framework revision 1042. Copyright (C) 2003-2005 VPAC.
StGermain SLE Library revision 1042. Copyright (C) 2003-2005 VPAC.
StGermain PETSc-LinearAlgebra Interface revision 1042. Copyright (C) 2003-2005 VPAC.
StGermain FEM Assembly Library revision 1042. Copyright (C) 2003-2005 VPAC.
Particle-In-Cellerator (FEM/PIC framework) revision 535. Copyright (C) 2005 VPAC & Monash Cluster Computing.
Underworld (Geodynamics framework) revision 656. Copyright (C) 2005 Monash Cluster Computing.
Watching rank: 0
StGermain XML library Path found.
StgDomain XML library Path found.
StgFEM XML library Path found.
PICellerator XML library Path found.
Underworld XML library Path found.
