****************    Test Eigenvector 4   *********************
Same test as above - but using Numerical Recipies function

eigenvectorList[0].eigenvalue = -9.9685
eigenvectorList[1].eigenvalue = -4.4597
eigenvectorList[2].eigenvalue = 24.428
eigenvectorList[0].vector = { -0.3641, -0.55398, 0.74869 }
eigenvectorList[1].vector = { 0.78647, -0.61348, -0.071456 }
eigenvectorList[2].vector = { 0.49889, 0.56281, 0.65906 }

tensorArray - 
     10          11     
     12          13     
rightHandSide = { 24, 35 }
solution = { 36.5, -31 }
tensorArray - 
     10          11          12     
     13          14          15     
     16          17          19     
rightHandSide = { 24, 35, 45 }
solution = { 15.333, -10.667, -1 }
