/*******************************************/
Test Symmetric Tensor to Tensor Array function

2-D
Symmetric Tensor
      1           7     
      7           8     
Tensor Array - 2D
      1           7     
      7           8     
Tensor Array 
      1           7     
      7           8     
3-D
Symmetric Tensor
      1           7           0     
      7           8           3     
      0           3           5     
Tensor Array - 3D
      1           7           0     
      7           8           3     
      0           3           5     
Tensor Array 
      1           7           0     
      7           8           3     
      0           3           5     
