****************************************
Testing SymmetricTensor_ToMatrix
2-D
symmTensor - 
      7          11     
     11         9.8     
tensor - 
      7          11     
     11         9.8     
3-D
symmTensor - 
      0          12        -100     
     12         0.8        20.3     
   -100        20.3        -7.5     
tensor - 
      0          12        -100     
     12         0.8        20.3     
   -100        20.3        -7.5     
